------------------------------------------------------------
Timing Analyzer Summary
------------------------------------------------------------

Type  : Setup 'debouncer:debouncerNextMap|t_flipflop:t_flipflop_4|out'
Slack : -3.175
TNS   : -4.388

Type  : Setup 'debouncer:debouncerNextMap|t_flipflop:t_flipflop_3|out'
Slack : -1.907
TNS   : -1.907

Type  : Setup 'debouncer:debouncerNextMap|t_flipflop:t_flipflop_1|out'
Slack : -1.573
TNS   : -1.573

Type  : Setup 'displayer:matriz_displayer|counter3bit:counter3bit_1|t_flipflop:t_flipflop_1|out'
Slack : -1.232
TNS   : -1.232

Type  : Setup 'debouncer:debouncerNextMap|t_flipflop:t_flipflop_2|out'
Slack : -1.215
TNS   : -1.215

Type  : Setup 'displayer:segment_display|counter3bit:counter3bit_1|t_flipflop:t_flipflop_1|out'
Slack : -1.215
TNS   : -1.215

Type  : Setup 'debouncer:debouncerConfirmAttack|t_flipflop:t_flipflop_4|out'
Slack : -1.194
TNS   : -1.194

Type  : Setup 'freq_div:freq_div_1|t_flipflop:t_flipflop_2|out'
Slack : -0.976
TNS   : -7.266

Type  : Setup 'displayer:segment_display|counter3bit:counter3bit_1|t_flipflop:t_flipflop_0|out'
Slack : 0.181
TNS   : 0.000

Type  : Setup 'displayer:matriz_displayer|counter3bit:counter3bit_1|t_flipflop:t_flipflop_0|out'
Slack : 0.229
TNS   : 0.000

Type  : Setup 'game_state_code[0]'
Slack : 0.421
TNS   : 0.000

Type  : Setup 'debouncer:debouncerConfirmAttack|t_flipflop:t_flipflop_3|out'
Slack : 0.465
TNS   : 0.000

Type  : Setup 'debouncer:debouncerConfirmAttack|t_flipflop:t_flipflop_1|out'
Slack : 0.466
TNS   : 0.000

Type  : Setup 'freq_div:freq_div_1|t_flipflop:t_flipflop_1|out'
Slack : 0.843
TNS   : 0.000

Type  : Setup 'debouncer:debouncerConfirmAttack|t_flipflop:t_flipflop_2|out'
Slack : 0.844
TNS   : 0.000

Type  : Setup 'freq_div:freq_div_1|t_flipflop:t_flipflop_0|out'
Slack : 0.845
TNS   : 0.000

Type  : Setup 'cpld_clk'
Slack : 1.729
TNS   : 0.000

Type  : Hold 'debouncer:debouncerNextMap|t_flipflop:t_flipflop_2|out'
Slack : -6.106
TNS   : -7.293

Type  : Hold 'debouncer:debouncerNextMap|t_flipflop:t_flipflop_3|out'
Slack : -5.414
TNS   : -6.572

Type  : Hold 'debouncer:debouncerNextMap|t_flipflop:t_flipflop_4|out'
Slack : -4.146
TNS   : -4.146

Type  : Hold 'freq_div:freq_div_1|t_flipflop:t_flipflop_2|out'
Slack : -3.511
TNS   : -11.579

Type  : Hold 'debouncer:debouncerConfirmAttack|t_flipflop:t_flipflop_2|out'
Slack : -3.070
TNS   : -3.968

Type  : Hold 'debouncer:debouncerConfirmAttack|t_flipflop:t_flipflop_4|out'
Slack : -2.861
TNS   : -2.861

Type  : Hold 'debouncer:debouncerConfirmAttack|t_flipflop:t_flipflop_3|out'
Slack : -2.330
TNS   : -2.849

Type  : Hold 'game_state_code[0]'
Slack : -2.050
TNS   : -3.985

Type  : Hold 'cpld_clk'
Slack : -1.783
TNS   : -1.783

Type  : Hold 'freq_div:freq_div_1|t_flipflop:t_flipflop_0|out'
Slack : -0.899
TNS   : -0.899

Type  : Hold 'freq_div:freq_div_1|t_flipflop:t_flipflop_1|out'
Slack : -0.897
TNS   : -0.897

Type  : Hold 'debouncer:debouncerConfirmAttack|t_flipflop:t_flipflop_1|out'
Slack : -0.520
TNS   : -0.520

Type  : Hold 'displayer:matriz_displayer|counter3bit:counter3bit_1|t_flipflop:t_flipflop_0|out'
Slack : -0.283
TNS   : -0.283

Type  : Hold 'debouncer:debouncerNextMap|t_flipflop:t_flipflop_1|out'
Slack : -0.258
TNS   : -0.258

Type  : Hold 'displayer:segment_display|counter3bit:counter3bit_1|t_flipflop:t_flipflop_0|out'
Slack : -0.235
TNS   : -0.235

Type  : Hold 'displayer:segment_display|counter3bit:counter3bit_1|t_flipflop:t_flipflop_1|out'
Slack : 1.661
TNS   : 0.000

Type  : Hold 'displayer:matriz_displayer|counter3bit:counter3bit_1|t_flipflop:t_flipflop_1|out'
Slack : 1.678
TNS   : 0.000

Type  : Recovery 'displayer:segment_display|counter3bit:counter3bit_1|t_flipflop:t_flipflop_0|out'
Slack : -6.950
TNS   : -6.950

Type  : Recovery 'displayer:segment_display|counter3bit:counter3bit_1|t_flipflop:t_flipflop_1|out'
Slack : -6.939
TNS   : -6.939

Type  : Recovery 'displayer:matriz_displayer|counter3bit:counter3bit_1|t_flipflop:t_flipflop_1|out'
Slack : -6.370
TNS   : -6.370

Type  : Recovery 'displayer:matriz_displayer|counter3bit:counter3bit_1|t_flipflop:t_flipflop_0|out'
Slack : -6.311
TNS   : -6.311

Type  : Recovery 'debouncer:debouncerNextMap|t_flipflop:t_flipflop_4|out'
Slack : -5.099
TNS   : -5.099

Type  : Recovery 'freq_div:freq_div_1|t_flipflop:t_flipflop_2|out'
Slack : -5.086
TNS   : -54.156

Type  : Recovery 'debouncer:debouncerNextMap|t_flipflop:t_flipflop_3|out'
Slack : -3.831
TNS   : -3.831

Type  : Recovery 'debouncer:debouncerNextMap|t_flipflop:t_flipflop_1|out'
Slack : -3.497
TNS   : -3.497

Type  : Recovery 'debouncer:debouncerNextMap|t_flipflop:t_flipflop_2|out'
Slack : -3.139
TNS   : -3.139

Type  : Recovery 'game_state_code[0]'
Slack : -1.386
TNS   : -4.158

Type  : Removal 'freq_div:freq_div_1|t_flipflop:t_flipflop_2|out'
Slack : -0.327
TNS   : -0.621

Type  : Removal 'game_state_code[0]'
Slack : 1.292
TNS   : 0.000

Type  : Removal 'displayer:matriz_displayer|counter3bit:counter3bit_1|t_flipflop:t_flipflop_0|out'
Slack : 1.488
TNS   : 0.000

Type  : Removal 'displayer:segment_display|counter3bit:counter3bit_1|t_flipflop:t_flipflop_1|out'
Slack : 1.526
TNS   : 0.000

Type  : Removal 'displayer:segment_display|counter3bit:counter3bit_1|t_flipflop:t_flipflop_0|out'
Slack : 1.537
TNS   : 0.000

Type  : Removal 'displayer:matriz_displayer|counter3bit:counter3bit_1|t_flipflop:t_flipflop_1|out'
Slack : 1.547
TNS   : 0.000

Type  : Removal 'debouncer:debouncerNextMap|t_flipflop:t_flipflop_2|out'
Slack : 3.045
TNS   : 0.000

Type  : Removal 'debouncer:debouncerNextMap|t_flipflop:t_flipflop_1|out'
Slack : 3.403
TNS   : 0.000

Type  : Removal 'debouncer:debouncerNextMap|t_flipflop:t_flipflop_3|out'
Slack : 3.737
TNS   : 0.000

Type  : Removal 'debouncer:debouncerNextMap|t_flipflop:t_flipflop_4|out'
Slack : 5.005
TNS   : 0.000

Type  : Minimum Pulse Width 'cpld_clk'
Slack : -2.289
TNS   : -2.289

Type  : Minimum Pulse Width 'game_state_code[0]'
Slack : -2.289
TNS   : -2.289

Type  : Minimum Pulse Width 'debouncer:debouncerConfirmAttack|t_flipflop:t_flipflop_1|out'
Slack : 0.234
TNS   : 0.000

Type  : Minimum Pulse Width 'debouncer:debouncerConfirmAttack|t_flipflop:t_flipflop_2|out'
Slack : 0.234
TNS   : 0.000

Type  : Minimum Pulse Width 'debouncer:debouncerConfirmAttack|t_flipflop:t_flipflop_3|out'
Slack : 0.234
TNS   : 0.000

Type  : Minimum Pulse Width 'debouncer:debouncerConfirmAttack|t_flipflop:t_flipflop_4|out'
Slack : 0.234
TNS   : 0.000

Type  : Minimum Pulse Width 'debouncer:debouncerNextMap|t_flipflop:t_flipflop_1|out'
Slack : 0.234
TNS   : 0.000

Type  : Minimum Pulse Width 'debouncer:debouncerNextMap|t_flipflop:t_flipflop_2|out'
Slack : 0.234
TNS   : 0.000

Type  : Minimum Pulse Width 'debouncer:debouncerNextMap|t_flipflop:t_flipflop_3|out'
Slack : 0.234
TNS   : 0.000

Type  : Minimum Pulse Width 'debouncer:debouncerNextMap|t_flipflop:t_flipflop_4|out'
Slack : 0.234
TNS   : 0.000

Type  : Minimum Pulse Width 'displayer:matriz_displayer|counter3bit:counter3bit_1|t_flipflop:t_flipflop_0|out'
Slack : 0.234
TNS   : 0.000

Type  : Minimum Pulse Width 'displayer:matriz_displayer|counter3bit:counter3bit_1|t_flipflop:t_flipflop_1|out'
Slack : 0.234
TNS   : 0.000

Type  : Minimum Pulse Width 'displayer:segment_display|counter3bit:counter3bit_1|t_flipflop:t_flipflop_0|out'
Slack : 0.234
TNS   : 0.000

Type  : Minimum Pulse Width 'displayer:segment_display|counter3bit:counter3bit_1|t_flipflop:t_flipflop_1|out'
Slack : 0.234
TNS   : 0.000

Type  : Minimum Pulse Width 'freq_div:freq_div_1|t_flipflop:t_flipflop_0|out'
Slack : 0.234
TNS   : 0.000

Type  : Minimum Pulse Width 'freq_div:freq_div_1|t_flipflop:t_flipflop_1|out'
Slack : 0.234
TNS   : 0.000

Type  : Minimum Pulse Width 'freq_div:freq_div_1|t_flipflop:t_flipflop_2|out'
Slack : 0.234
TNS   : 0.000

------------------------------------------------------------
