------------------------------------------------------------
Timing Analyzer Summary
------------------------------------------------------------

Type  : Setup 'counter3bit:counter3bit_1|t_flipflop:t_flipflop_1|out'
Slack : -1.482
TNS   : -1.482

Type  : Setup 'counter3bit:counter3bit_1|t_flipflop:t_flipflop_0|out'
Slack : -1.102
TNS   : -1.102

Type  : Setup 'cpld_clk'
Slack : 1.950
TNS   : 0.000

Type  : Hold 'cpld_clk'
Slack : -2.004
TNS   : -2.004

Type  : Hold 'counter3bit:counter3bit_1|t_flipflop:t_flipflop_0|out'
Slack : -0.504
TNS   : -0.504

Type  : Hold 'counter3bit:counter3bit_1|t_flipflop:t_flipflop_1|out'
Slack : 1.928
TNS   : 0.000

Type  : Minimum Pulse Width 'cpld_clk'
Slack : -2.289
TNS   : -2.289

Type  : Minimum Pulse Width 'counter3bit:counter3bit_1|t_flipflop:t_flipflop_0|out'
Slack : 0.234
TNS   : 0.000

Type  : Minimum Pulse Width 'counter3bit:counter3bit_1|t_flipflop:t_flipflop_1|out'
Slack : 0.234
TNS   : 0.000

------------------------------------------------------------
