Timing Analyzer report for batalha_naval
Tue Nov 28 22:26:53 2023
Quartus Prime Version 22.1std.2 Build 922 07/20/2023 SC Lite Edition


---------------------
; Table of Contents ;
---------------------
  1. Legal Notice
  2. Timing Analyzer Summary
  3. Parallel Compilation
  4. Clocks
  5. Fmax Summary
  6. Setup Summary
  7. Hold Summary
  8. Recovery Summary
  9. Removal Summary
 10. Minimum Pulse Width Summary
 11. Setup: 'counter3bit:counter3bit_1|t_flipflop:t_flipflop_1|out'
 12. Setup: 'freq_div:freq_div_1|t_flipflop:t_flipflop_4|out'
 13. Setup: 'counter3bit:counter3bit_1|t_flipflop:t_flipflop_0|out'
 14. Setup: 'freq_div:freq_div_1|t_flipflop:t_flipflop_0|out'
 15. Setup: 'freq_div:freq_div_1|t_flipflop:t_flipflop_2|out'
 16. Setup: 'freq_div:freq_div_1|t_flipflop:t_flipflop_1|out'
 17. Setup: 'freq_div:freq_div_1|t_flipflop:t_flipflop_3|out'
 18. Setup: 'cpld_clk'
 19. Hold: 'freq_div:freq_div_1|t_flipflop:t_flipflop_4|out'
 20. Hold: 'cpld_clk'
 21. Hold: 'freq_div:freq_div_1|t_flipflop:t_flipflop_3|out'
 22. Hold: 'freq_div:freq_div_1|t_flipflop:t_flipflop_1|out'
 23. Hold: 'freq_div:freq_div_1|t_flipflop:t_flipflop_2|out'
 24. Hold: 'counter3bit:counter3bit_1|t_flipflop:t_flipflop_0|out'
 25. Hold: 'freq_div:freq_div_1|t_flipflop:t_flipflop_0|out'
 26. Hold: 'counter3bit:counter3bit_1|t_flipflop:t_flipflop_1|out'
 27. Setup Transfers
 28. Hold Transfers
 29. Report TCCS
 30. Report RSKM
 31. Unconstrained Paths Summary
 32. Clock Status Summary
 33. Unconstrained Output Ports
 34. Unconstrained Output Ports
 35. Timing Analyzer Messages



----------------
; Legal Notice ;
----------------
Copyright (C) 2023  Intel Corporation. All rights reserved.
Your use of Intel Corporation's design tools, logic functions 
and other software and tools, and any partner logic 
functions, and any output files from any of the foregoing 
(including device programming or simulation files), and any 
associated documentation or information are expressly subject 
to the terms and conditions of the Intel Program License 
Subscription Agreement, the Intel Quartus Prime License Agreement,
the Intel FPGA IP License Agreement, or other applicable license
agreement, including, without limitation, that your use is for
the sole purpose of programming logic devices manufactured by
Intel and sold by Intel or its authorized distributors.  Please
refer to the applicable agreement for further details, at
https://fpgasoftware.intel.com/eula.



+--------------------------------------------------------------------------------+
; Timing Analyzer Summary                                                        ;
+-----------------------+--------------------------------------------------------+
; Quartus Prime Version ; Version 22.1std.2 Build 922 07/20/2023 SC Lite Edition ;
; Timing Analyzer       ; Legacy Timing Analyzer                                 ;
; Revision Name         ; batalha_naval                                          ;
; Device Family         ; MAX II                                                 ;
; Device Name           ; EPM240T100C5                                           ;
; Timing Models         ; Final                                                  ;
; Delay Model           ; Slow Model                                             ;
; Rise/Fall Delays      ; Unavailable                                            ;
+-----------------------+--------------------------------------------------------+


+------------------------------------------+
; Parallel Compilation                     ;
+----------------------------+-------------+
; Processors                 ; Number      ;
+----------------------------+-------------+
; Number detected on machine ; 8           ;
; Maximum allowed            ; 8           ;
;                            ;             ;
; Average used               ; 1.00        ;
; Maximum used               ; 1           ;
;                            ;             ;
; Usage by Processor         ; % Time Used ;
;     Processor 1            ; 100.0%      ;
+----------------------------+-------------+


+------------------------------------------------------------------------------------------------------------------------------------------------------------------------------------------------------------------------------------------------------------------------------+
; Clocks                                                                                                                                                                                                                                                                       ;
+-------------------------------------------------------+------+--------+------------+-------+-------+------------+-----------+-------------+-------+--------+-----------+------------+----------+--------+--------+-----------------------------------------------------------+
; Clock Name                                            ; Type ; Period ; Frequency  ; Rise  ; Fall  ; Duty Cycle ; Divide by ; Multiply by ; Phase ; Offset ; Edge List ; Edge Shift ; Inverted ; Master ; Source ; Targets                                                   ;
+-------------------------------------------------------+------+--------+------------+-------+-------+------------+-----------+-------------+-------+--------+-----------+------------+----------+--------+--------+-----------------------------------------------------------+
; counter3bit:counter3bit_1|t_flipflop:t_flipflop_0|out ; Base ; 1.000  ; 1000.0 MHz ; 0.000 ; 0.500 ;            ;           ;             ;       ;        ;           ;            ;          ;        ;        ; { counter3bit:counter3bit_1|t_flipflop:t_flipflop_0|out } ;
; counter3bit:counter3bit_1|t_flipflop:t_flipflop_1|out ; Base ; 1.000  ; 1000.0 MHz ; 0.000 ; 0.500 ;            ;           ;             ;       ;        ;           ;            ;          ;        ;        ; { counter3bit:counter3bit_1|t_flipflop:t_flipflop_1|out } ;
; cpld_clk                                              ; Base ; 1.000  ; 1000.0 MHz ; 0.000 ; 0.500 ;            ;           ;             ;       ;        ;           ;            ;          ;        ;        ; { cpld_clk }                                              ;
; freq_div:freq_div_1|t_flipflop:t_flipflop_0|out       ; Base ; 1.000  ; 1000.0 MHz ; 0.000 ; 0.500 ;            ;           ;             ;       ;        ;           ;            ;          ;        ;        ; { freq_div:freq_div_1|t_flipflop:t_flipflop_0|out }       ;
; freq_div:freq_div_1|t_flipflop:t_flipflop_1|out       ; Base ; 1.000  ; 1000.0 MHz ; 0.000 ; 0.500 ;            ;           ;             ;       ;        ;           ;            ;          ;        ;        ; { freq_div:freq_div_1|t_flipflop:t_flipflop_1|out }       ;
; freq_div:freq_div_1|t_flipflop:t_flipflop_2|out       ; Base ; 1.000  ; 1000.0 MHz ; 0.000 ; 0.500 ;            ;           ;             ;       ;        ;           ;            ;          ;        ;        ; { freq_div:freq_div_1|t_flipflop:t_flipflop_2|out }       ;
; freq_div:freq_div_1|t_flipflop:t_flipflop_3|out       ; Base ; 1.000  ; 1000.0 MHz ; 0.000 ; 0.500 ;            ;           ;             ;       ;        ;           ;            ;          ;        ;        ; { freq_div:freq_div_1|t_flipflop:t_flipflop_3|out }       ;
; freq_div:freq_div_1|t_flipflop:t_flipflop_4|out       ; Base ; 1.000  ; 1000.0 MHz ; 0.000 ; 0.500 ;            ;           ;             ;       ;        ;           ;            ;          ;        ;        ; { freq_div:freq_div_1|t_flipflop:t_flipflop_4|out }       ;
+-------------------------------------------------------+------+--------+------------+-------+-------+------------+-----------+-------------+-------+--------+-----------+------------+----------+--------+--------+-----------------------------------------------------------+


+---------------------------------------------------------------------------------------------+
; Fmax Summary                                                                                ;
+------------+-----------------+-------------------------------------------------------+------+
; Fmax       ; Restricted Fmax ; Clock Name                                            ; Note ;
+------------+-----------------+-------------------------------------------------------+------+
; 451.67 MHz ; 451.67 MHz      ; counter3bit:counter3bit_1|t_flipflop:t_flipflop_1|out ;      ;
; 455.58 MHz ; 455.58 MHz      ; freq_div:freq_div_1|t_flipflop:t_flipflop_4|out       ;      ;
+------------+-----------------+-------------------------------------------------------+------+
This panel reports FMAX for every clock in the design, regardless of the user-specified clock periods.  FMAX is only computed for paths where the source and destination registers or ports are driven by the same clock.  Paths of different clocks, including generated clocks, are ignored.  For paths between a clock and its inversion, FMAX is computed as if the rising and falling edges are scaled along with FMAX, such that the duty cycle (in terms of a percentage) is maintained. Altera recommends that you always use clock constraints and other slack reports for sign-off analysis.


+--------------------------------------------------------------------------------+
; Setup Summary                                                                  ;
+-------------------------------------------------------+--------+---------------+
; Clock                                                 ; Slack  ; End Point TNS ;
+-------------------------------------------------------+--------+---------------+
; counter3bit:counter3bit_1|t_flipflop:t_flipflop_1|out ; -1.214 ; -1.214        ;
; freq_div:freq_div_1|t_flipflop:t_flipflop_4|out       ; -1.195 ; -6.166        ;
; counter3bit:counter3bit_1|t_flipflop:t_flipflop_0|out ; 0.466  ; 0.000         ;
; freq_div:freq_div_1|t_flipflop:t_flipflop_0|out       ; 0.466  ; 0.000         ;
; freq_div:freq_div_1|t_flipflop:t_flipflop_2|out       ; 0.467  ; 0.000         ;
; freq_div:freq_div_1|t_flipflop:t_flipflop_1|out       ; 0.853  ; 0.000         ;
; freq_div:freq_div_1|t_flipflop:t_flipflop_3|out       ; 1.653  ; 0.000         ;
; cpld_clk                                              ; 1.666  ; 0.000         ;
+-------------------------------------------------------+--------+---------------+


+--------------------------------------------------------------------------------+
; Hold Summary                                                                   ;
+-------------------------------------------------------+--------+---------------+
; Clock                                                 ; Slack  ; End Point TNS ;
+-------------------------------------------------------+--------+---------------+
; freq_div:freq_div_1|t_flipflop:t_flipflop_4|out       ; -2.125 ; -3.690        ;
; cpld_clk                                              ; -1.720 ; -1.720        ;
; freq_div:freq_div_1|t_flipflop:t_flipflop_3|out       ; -1.707 ; -1.707        ;
; freq_div:freq_div_1|t_flipflop:t_flipflop_1|out       ; -0.907 ; -0.907        ;
; freq_div:freq_div_1|t_flipflop:t_flipflop_2|out       ; -0.521 ; -0.521        ;
; counter3bit:counter3bit_1|t_flipflop:t_flipflop_0|out ; -0.520 ; -0.520        ;
; freq_div:freq_div_1|t_flipflop:t_flipflop_0|out       ; -0.520 ; -0.520        ;
; counter3bit:counter3bit_1|t_flipflop:t_flipflop_1|out ; 1.660  ; 0.000         ;
+-------------------------------------------------------+--------+---------------+


--------------------
; Recovery Summary ;
--------------------
No paths to report.


-------------------
; Removal Summary ;
-------------------
No paths to report.


+--------------------------------------------------------------------------------+
; Minimum Pulse Width Summary                                                    ;
+-------------------------------------------------------+--------+---------------+
; Clock                                                 ; Slack  ; End Point TNS ;
+-------------------------------------------------------+--------+---------------+
; cpld_clk                                              ; -2.289 ; -2.289        ;
; counter3bit:counter3bit_1|t_flipflop:t_flipflop_0|out ; 0.234  ; 0.000         ;
; counter3bit:counter3bit_1|t_flipflop:t_flipflop_1|out ; 0.234  ; 0.000         ;
; freq_div:freq_div_1|t_flipflop:t_flipflop_0|out       ; 0.234  ; 0.000         ;
; freq_div:freq_div_1|t_flipflop:t_flipflop_1|out       ; 0.234  ; 0.000         ;
; freq_div:freq_div_1|t_flipflop:t_flipflop_2|out       ; 0.234  ; 0.000         ;
; freq_div:freq_div_1|t_flipflop:t_flipflop_3|out       ; 0.234  ; 0.000         ;
; freq_div:freq_div_1|t_flipflop:t_flipflop_4|out       ; 0.234  ; 0.000         ;
+-------------------------------------------------------+--------+---------------+


+---------------------------------------------------------------------------------------------------------------------------------------------------------------------------------------------------------------------------------------------------------------------------------+
; Setup: 'counter3bit:counter3bit_1|t_flipflop:t_flipflop_1|out'                                                                                                                                                                                                                  ;
+--------+-------------------------------------------------------+-------------------------------------------------------+-------------------------------------------------------+-------------------------------------------------------+--------------+------------+------------+
; Slack  ; From Node                                             ; To Node                                               ; Launch Clock                                          ; Latch Clock                                           ; Relationship ; Clock Skew ; Data Delay ;
+--------+-------------------------------------------------------+-------------------------------------------------------+-------------------------------------------------------+-------------------------------------------------------+--------------+------------+------------+
; -1.214 ; counter3bit:counter3bit_1|t_flipflop:t_flipflop_2|out ; counter3bit:counter3bit_1|t_flipflop:t_flipflop_2|out ; counter3bit:counter3bit_1|t_flipflop:t_flipflop_1|out ; counter3bit:counter3bit_1|t_flipflop:t_flipflop_1|out ; 1.000        ; 0.000      ; 1.881      ;
+--------+-------------------------------------------------------+-------------------------------------------------------+-------------------------------------------------------+-------------------------------------------------------+--------------+------------+------------+


+-------------------------------------------------------------------------------------------------------------------------------------------------------------------------------------------------------------------------------------------------------------------------------+
; Setup: 'freq_div:freq_div_1|t_flipflop:t_flipflop_4|out'                                                                                                                                                                                                                      ;
+--------+---------------------------------------------------------+---------------------------------------------------------+-------------------------------------------------------+-------------------------------------------------+--------------+------------+------------+
; Slack  ; From Node                                               ; To Node                                                 ; Launch Clock                                          ; Latch Clock                                     ; Relationship ; Clock Skew ; Data Delay ;
+--------+---------------------------------------------------------+---------------------------------------------------------+-------------------------------------------------------+-------------------------------------------------+--------------+------------+------------+
; -1.195 ; register7bit:register7bit_1|d_flipflop:d_flipflop_0|out ; register7bit:register7bit_1|d_flipflop:d_flipflop_1|out ; freq_div:freq_div_1|t_flipflop:t_flipflop_4|out       ; freq_div:freq_div_1|t_flipflop:t_flipflop_4|out ; 1.000        ; 0.000      ; 1.862      ;
; -0.953 ; register7bit:register7bit_1|d_flipflop:d_flipflop_4|out ; register7bit:register7bit_1|d_flipflop:d_flipflop_5|out ; freq_div:freq_div_1|t_flipflop:t_flipflop_4|out       ; freq_div:freq_div_1|t_flipflop:t_flipflop_4|out ; 1.000        ; 0.000      ; 1.620      ;
; -0.952 ; register7bit:register7bit_1|d_flipflop:d_flipflop_5|out ; register7bit:register7bit_1|d_flipflop:d_flipflop_6|out ; freq_div:freq_div_1|t_flipflop:t_flipflop_4|out       ; freq_div:freq_div_1|t_flipflop:t_flipflop_4|out ; 1.000        ; 0.000      ; 1.619      ;
; -0.949 ; register7bit:register7bit_1|d_flipflop:d_flipflop_2|out ; register7bit:register7bit_1|d_flipflop:d_flipflop_3|out ; freq_div:freq_div_1|t_flipflop:t_flipflop_4|out       ; freq_div:freq_div_1|t_flipflop:t_flipflop_4|out ; 1.000        ; 0.000      ; 1.616      ;
; -0.947 ; register7bit:register7bit_1|d_flipflop:d_flipflop_1|out ; register7bit:register7bit_1|d_flipflop:d_flipflop_2|out ; freq_div:freq_div_1|t_flipflop:t_flipflop_4|out       ; freq_div:freq_div_1|t_flipflop:t_flipflop_4|out ; 1.000        ; 0.000      ; 1.614      ;
; -0.943 ; register7bit:register7bit_1|d_flipflop:d_flipflop_3|out ; register7bit:register7bit_1|d_flipflop:d_flipflop_4|out ; freq_div:freq_div_1|t_flipflop:t_flipflop_4|out       ; freq_div:freq_div_1|t_flipflop:t_flipflop_4|out ; 1.000        ; 0.000      ; 1.610      ;
; -0.227 ; counter3bit:counter3bit_1|t_flipflop:t_flipflop_2|out   ; register7bit:register7bit_1|d_flipflop:d_flipflop_0|out ; counter3bit:counter3bit_1|t_flipflop:t_flipflop_1|out ; freq_div:freq_div_1|t_flipflop:t_flipflop_4|out ; 0.500        ; 1.492      ; 1.886      ;
; 1.372  ; counter3bit:counter3bit_1|t_flipflop:t_flipflop_1|out   ; register7bit:register7bit_1|d_flipflop:d_flipflop_0|out ; counter3bit:counter3bit_1|t_flipflop:t_flipflop_1|out ; freq_div:freq_div_1|t_flipflop:t_flipflop_4|out ; 0.500        ; 3.666      ; 2.837      ;
; 1.511  ; counter3bit:counter3bit_1|t_flipflop:t_flipflop_0|out   ; register7bit:register7bit_1|d_flipflop:d_flipflop_0|out ; counter3bit:counter3bit_1|t_flipflop:t_flipflop_0|out ; freq_div:freq_div_1|t_flipflop:t_flipflop_4|out ; 0.500        ; 3.666      ; 2.698      ;
; 1.872  ; counter3bit:counter3bit_1|t_flipflop:t_flipflop_1|out   ; register7bit:register7bit_1|d_flipflop:d_flipflop_0|out ; counter3bit:counter3bit_1|t_flipflop:t_flipflop_1|out ; freq_div:freq_div_1|t_flipflop:t_flipflop_4|out ; 1.000        ; 3.666      ; 2.837      ;
; 2.011  ; counter3bit:counter3bit_1|t_flipflop:t_flipflop_0|out   ; register7bit:register7bit_1|d_flipflop:d_flipflop_0|out ; counter3bit:counter3bit_1|t_flipflop:t_flipflop_0|out ; freq_div:freq_div_1|t_flipflop:t_flipflop_4|out ; 1.000        ; 3.666      ; 2.698      ;
; 2.071  ; counter3bit:counter3bit_1|t_flipflop:t_flipflop_0|out   ; counter3bit:counter3bit_1|t_flipflop:t_flipflop_0|out   ; counter3bit:counter3bit_1|t_flipflop:t_flipflop_0|out ; freq_div:freq_div_1|t_flipflop:t_flipflop_4|out ; 0.500        ; 3.666      ; 2.138      ;
; 2.571  ; counter3bit:counter3bit_1|t_flipflop:t_flipflop_0|out   ; counter3bit:counter3bit_1|t_flipflop:t_flipflop_0|out   ; counter3bit:counter3bit_1|t_flipflop:t_flipflop_0|out ; freq_div:freq_div_1|t_flipflop:t_flipflop_4|out ; 1.000        ; 3.666      ; 2.138      ;
+--------+---------------------------------------------------------+---------------------------------------------------------+-------------------------------------------------------+-------------------------------------------------+--------------+------------+------------+


+--------------------------------------------------------------------------------------------------------------------------------------------------------------------------------------------------------------------------------------------------------------------------------+
; Setup: 'counter3bit:counter3bit_1|t_flipflop:t_flipflop_0|out'                                                                                                                                                                                                                 ;
+-------+-------------------------------------------------------+-------------------------------------------------------+-------------------------------------------------------+-------------------------------------------------------+--------------+------------+------------+
; Slack ; From Node                                             ; To Node                                               ; Launch Clock                                          ; Latch Clock                                           ; Relationship ; Clock Skew ; Data Delay ;
+-------+-------------------------------------------------------+-------------------------------------------------------+-------------------------------------------------------+-------------------------------------------------------+--------------+------------+------------+
; 0.466 ; counter3bit:counter3bit_1|t_flipflop:t_flipflop_1|out ; counter3bit:counter3bit_1|t_flipflop:t_flipflop_1|out ; counter3bit:counter3bit_1|t_flipflop:t_flipflop_1|out ; counter3bit:counter3bit_1|t_flipflop:t_flipflop_0|out ; 0.500        ; 1.784      ; 1.861      ;
; 0.966 ; counter3bit:counter3bit_1|t_flipflop:t_flipflop_1|out ; counter3bit:counter3bit_1|t_flipflop:t_flipflop_1|out ; counter3bit:counter3bit_1|t_flipflop:t_flipflop_1|out ; counter3bit:counter3bit_1|t_flipflop:t_flipflop_0|out ; 1.000        ; 1.784      ; 1.861      ;
+-------+-------------------------------------------------------+-------------------------------------------------------+-------------------------------------------------------+-------------------------------------------------------+--------------+------------+------------+


+--------------------------------------------------------------------------------------------------------------------------------------------------------------------------------------------------------------------------------------------------------+
; Setup: 'freq_div:freq_div_1|t_flipflop:t_flipflop_0|out'                                                                                                                                                                                               ;
+-------+-------------------------------------------------+-------------------------------------------------+-------------------------------------------------+-------------------------------------------------+--------------+------------+------------+
; Slack ; From Node                                       ; To Node                                         ; Launch Clock                                    ; Latch Clock                                     ; Relationship ; Clock Skew ; Data Delay ;
+-------+-------------------------------------------------+-------------------------------------------------+-------------------------------------------------+-------------------------------------------------+--------------+------------+------------+
; 0.466 ; freq_div:freq_div_1|t_flipflop:t_flipflop_1|out ; freq_div:freq_div_1|t_flipflop:t_flipflop_1|out ; freq_div:freq_div_1|t_flipflop:t_flipflop_1|out ; freq_div:freq_div_1|t_flipflop:t_flipflop_0|out ; 0.500        ; 1.784      ; 1.861      ;
; 0.966 ; freq_div:freq_div_1|t_flipflop:t_flipflop_1|out ; freq_div:freq_div_1|t_flipflop:t_flipflop_1|out ; freq_div:freq_div_1|t_flipflop:t_flipflop_1|out ; freq_div:freq_div_1|t_flipflop:t_flipflop_0|out ; 1.000        ; 1.784      ; 1.861      ;
+-------+-------------------------------------------------+-------------------------------------------------+-------------------------------------------------+-------------------------------------------------+--------------+------------+------------+


+--------------------------------------------------------------------------------------------------------------------------------------------------------------------------------------------------------------------------------------------------------+
; Setup: 'freq_div:freq_div_1|t_flipflop:t_flipflop_2|out'                                                                                                                                                                                               ;
+-------+-------------------------------------------------+-------------------------------------------------+-------------------------------------------------+-------------------------------------------------+--------------+------------+------------+
; Slack ; From Node                                       ; To Node                                         ; Launch Clock                                    ; Latch Clock                                     ; Relationship ; Clock Skew ; Data Delay ;
+-------+-------------------------------------------------+-------------------------------------------------+-------------------------------------------------+-------------------------------------------------+--------------+------------+------------+
; 0.467 ; freq_div:freq_div_1|t_flipflop:t_flipflop_3|out ; freq_div:freq_div_1|t_flipflop:t_flipflop_3|out ; freq_div:freq_div_1|t_flipflop:t_flipflop_3|out ; freq_div:freq_div_1|t_flipflop:t_flipflop_2|out ; 0.500        ; 1.784      ; 1.860      ;
; 0.967 ; freq_div:freq_div_1|t_flipflop:t_flipflop_3|out ; freq_div:freq_div_1|t_flipflop:t_flipflop_3|out ; freq_div:freq_div_1|t_flipflop:t_flipflop_3|out ; freq_div:freq_div_1|t_flipflop:t_flipflop_2|out ; 1.000        ; 1.784      ; 1.860      ;
+-------+-------------------------------------------------+-------------------------------------------------+-------------------------------------------------+-------------------------------------------------+--------------+------------+------------+


+--------------------------------------------------------------------------------------------------------------------------------------------------------------------------------------------------------------------------------------------------------+
; Setup: 'freq_div:freq_div_1|t_flipflop:t_flipflop_1|out'                                                                                                                                                                                               ;
+-------+-------------------------------------------------+-------------------------------------------------+-------------------------------------------------+-------------------------------------------------+--------------+------------+------------+
; Slack ; From Node                                       ; To Node                                         ; Launch Clock                                    ; Latch Clock                                     ; Relationship ; Clock Skew ; Data Delay ;
+-------+-------------------------------------------------+-------------------------------------------------+-------------------------------------------------+-------------------------------------------------+--------------+------------+------------+
; 0.853 ; freq_div:freq_div_1|t_flipflop:t_flipflop_2|out ; freq_div:freq_div_1|t_flipflop:t_flipflop_2|out ; freq_div:freq_div_1|t_flipflop:t_flipflop_2|out ; freq_div:freq_div_1|t_flipflop:t_flipflop_1|out ; 0.500        ; 2.189      ; 1.879      ;
; 1.353 ; freq_div:freq_div_1|t_flipflop:t_flipflop_2|out ; freq_div:freq_div_1|t_flipflop:t_flipflop_2|out ; freq_div:freq_div_1|t_flipflop:t_flipflop_2|out ; freq_div:freq_div_1|t_flipflop:t_flipflop_1|out ; 1.000        ; 2.189      ; 1.879      ;
+-------+-------------------------------------------------+-------------------------------------------------+-------------------------------------------------+-------------------------------------------------+--------------+------------+------------+


+--------------------------------------------------------------------------------------------------------------------------------------------------------------------------------------------------------------------------------------------------------+
; Setup: 'freq_div:freq_div_1|t_flipflop:t_flipflop_3|out'                                                                                                                                                                                               ;
+-------+-------------------------------------------------+-------------------------------------------------+-------------------------------------------------+-------------------------------------------------+--------------+------------+------------+
; Slack ; From Node                                       ; To Node                                         ; Launch Clock                                    ; Latch Clock                                     ; Relationship ; Clock Skew ; Data Delay ;
+-------+-------------------------------------------------+-------------------------------------------------+-------------------------------------------------+-------------------------------------------------+--------------+------------+------------+
; 1.653 ; freq_div:freq_div_1|t_flipflop:t_flipflop_4|out ; freq_div:freq_div_1|t_flipflop:t_flipflop_4|out ; freq_div:freq_div_1|t_flipflop:t_flipflop_4|out ; freq_div:freq_div_1|t_flipflop:t_flipflop_3|out ; 0.500        ; 2.971      ; 1.861      ;
; 2.153 ; freq_div:freq_div_1|t_flipflop:t_flipflop_4|out ; freq_div:freq_div_1|t_flipflop:t_flipflop_4|out ; freq_div:freq_div_1|t_flipflop:t_flipflop_4|out ; freq_div:freq_div_1|t_flipflop:t_flipflop_3|out ; 1.000        ; 2.971      ; 1.861      ;
+-------+-------------------------------------------------+-------------------------------------------------+-------------------------------------------------+-------------------------------------------------+--------------+------------+------------+


+--------------------------------------------------------------------------------------------------------------------------------------------------------------------------------------------------------------------+
; Setup: 'cpld_clk'                                                                                                                                                                                                  ;
+-------+-------------------------------------------------+-------------------------------------------------+-------------------------------------------------+-------------+--------------+------------+------------+
; Slack ; From Node                                       ; To Node                                         ; Launch Clock                                    ; Latch Clock ; Relationship ; Clock Skew ; Data Delay ;
+-------+-------------------------------------------------+-------------------------------------------------+-------------------------------------------------+-------------+--------------+------------+------------+
; 1.666 ; freq_div:freq_div_1|t_flipflop:t_flipflop_0|out ; freq_div:freq_div_1|t_flipflop:t_flipflop_0|out ; freq_div:freq_div_1|t_flipflop:t_flipflop_0|out ; cpld_clk    ; 0.500        ; 3.261      ; 2.138      ;
; 2.166 ; freq_div:freq_div_1|t_flipflop:t_flipflop_0|out ; freq_div:freq_div_1|t_flipflop:t_flipflop_0|out ; freq_div:freq_div_1|t_flipflop:t_flipflop_0|out ; cpld_clk    ; 1.000        ; 3.261      ; 2.138      ;
+-------+-------------------------------------------------+-------------------------------------------------+-------------------------------------------------+-------------+--------------+------------+------------+


+-------------------------------------------------------------------------------------------------------------------------------------------------------------------------------------------------------------------------------------------------------------------------------+
; Hold: 'freq_div:freq_div_1|t_flipflop:t_flipflop_4|out'                                                                                                                                                                                                                       ;
+--------+---------------------------------------------------------+---------------------------------------------------------+-------------------------------------------------------+-------------------------------------------------+--------------+------------+------------+
; Slack  ; From Node                                               ; To Node                                                 ; Launch Clock                                          ; Latch Clock                                     ; Relationship ; Clock Skew ; Data Delay ;
+--------+---------------------------------------------------------+---------------------------------------------------------+-------------------------------------------------------+-------------------------------------------------+--------------+------------+------------+
; -2.125 ; counter3bit:counter3bit_1|t_flipflop:t_flipflop_0|out   ; counter3bit:counter3bit_1|t_flipflop:t_flipflop_0|out   ; counter3bit:counter3bit_1|t_flipflop:t_flipflop_0|out ; freq_div:freq_div_1|t_flipflop:t_flipflop_4|out ; 0.000        ; 3.666      ; 2.138      ;
; -1.625 ; counter3bit:counter3bit_1|t_flipflop:t_flipflop_0|out   ; counter3bit:counter3bit_1|t_flipflop:t_flipflop_0|out   ; counter3bit:counter3bit_1|t_flipflop:t_flipflop_0|out ; freq_div:freq_div_1|t_flipflop:t_flipflop_4|out ; -0.500       ; 3.666      ; 2.138      ;
; -1.565 ; counter3bit:counter3bit_1|t_flipflop:t_flipflop_0|out   ; register7bit:register7bit_1|d_flipflop:d_flipflop_0|out ; counter3bit:counter3bit_1|t_flipflop:t_flipflop_0|out ; freq_div:freq_div_1|t_flipflop:t_flipflop_4|out ; 0.000        ; 3.666      ; 2.698      ;
; -1.426 ; counter3bit:counter3bit_1|t_flipflop:t_flipflop_1|out   ; register7bit:register7bit_1|d_flipflop:d_flipflop_0|out ; counter3bit:counter3bit_1|t_flipflop:t_flipflop_1|out ; freq_div:freq_div_1|t_flipflop:t_flipflop_4|out ; 0.000        ; 3.666      ; 2.837      ;
; -1.065 ; counter3bit:counter3bit_1|t_flipflop:t_flipflop_0|out   ; register7bit:register7bit_1|d_flipflop:d_flipflop_0|out ; counter3bit:counter3bit_1|t_flipflop:t_flipflop_0|out ; freq_div:freq_div_1|t_flipflop:t_flipflop_4|out ; -0.500       ; 3.666      ; 2.698      ;
; -0.926 ; counter3bit:counter3bit_1|t_flipflop:t_flipflop_1|out   ; register7bit:register7bit_1|d_flipflop:d_flipflop_0|out ; counter3bit:counter3bit_1|t_flipflop:t_flipflop_1|out ; freq_div:freq_div_1|t_flipflop:t_flipflop_4|out ; -0.500       ; 3.666      ; 2.837      ;
; 0.673  ; counter3bit:counter3bit_1|t_flipflop:t_flipflop_2|out   ; register7bit:register7bit_1|d_flipflop:d_flipflop_0|out ; counter3bit:counter3bit_1|t_flipflop:t_flipflop_1|out ; freq_div:freq_div_1|t_flipflop:t_flipflop_4|out ; -0.500       ; 1.492      ; 1.886      ;
; 1.389  ; register7bit:register7bit_1|d_flipflop:d_flipflop_3|out ; register7bit:register7bit_1|d_flipflop:d_flipflop_4|out ; freq_div:freq_div_1|t_flipflop:t_flipflop_4|out       ; freq_div:freq_div_1|t_flipflop:t_flipflop_4|out ; 0.000        ; 0.000      ; 1.610      ;
; 1.393  ; register7bit:register7bit_1|d_flipflop:d_flipflop_1|out ; register7bit:register7bit_1|d_flipflop:d_flipflop_2|out ; freq_div:freq_div_1|t_flipflop:t_flipflop_4|out       ; freq_div:freq_div_1|t_flipflop:t_flipflop_4|out ; 0.000        ; 0.000      ; 1.614      ;
; 1.395  ; register7bit:register7bit_1|d_flipflop:d_flipflop_2|out ; register7bit:register7bit_1|d_flipflop:d_flipflop_3|out ; freq_div:freq_div_1|t_flipflop:t_flipflop_4|out       ; freq_div:freq_div_1|t_flipflop:t_flipflop_4|out ; 0.000        ; 0.000      ; 1.616      ;
; 1.398  ; register7bit:register7bit_1|d_flipflop:d_flipflop_5|out ; register7bit:register7bit_1|d_flipflop:d_flipflop_6|out ; freq_div:freq_div_1|t_flipflop:t_flipflop_4|out       ; freq_div:freq_div_1|t_flipflop:t_flipflop_4|out ; 0.000        ; 0.000      ; 1.619      ;
; 1.399  ; register7bit:register7bit_1|d_flipflop:d_flipflop_4|out ; register7bit:register7bit_1|d_flipflop:d_flipflop_5|out ; freq_div:freq_div_1|t_flipflop:t_flipflop_4|out       ; freq_div:freq_div_1|t_flipflop:t_flipflop_4|out ; 0.000        ; 0.000      ; 1.620      ;
; 1.641  ; register7bit:register7bit_1|d_flipflop:d_flipflop_0|out ; register7bit:register7bit_1|d_flipflop:d_flipflop_1|out ; freq_div:freq_div_1|t_flipflop:t_flipflop_4|out       ; freq_div:freq_div_1|t_flipflop:t_flipflop_4|out ; 0.000        ; 0.000      ; 1.862      ;
+--------+---------------------------------------------------------+---------------------------------------------------------+-------------------------------------------------------+-------------------------------------------------+--------------+------------+------------+


+---------------------------------------------------------------------------------------------------------------------------------------------------------------------------------------------------------------------+
; Hold: 'cpld_clk'                                                                                                                                                                                                    ;
+--------+-------------------------------------------------+-------------------------------------------------+-------------------------------------------------+-------------+--------------+------------+------------+
; Slack  ; From Node                                       ; To Node                                         ; Launch Clock                                    ; Latch Clock ; Relationship ; Clock Skew ; Data Delay ;
+--------+-------------------------------------------------+-------------------------------------------------+-------------------------------------------------+-------------+--------------+------------+------------+
; -1.720 ; freq_div:freq_div_1|t_flipflop:t_flipflop_0|out ; freq_div:freq_div_1|t_flipflop:t_flipflop_0|out ; freq_div:freq_div_1|t_flipflop:t_flipflop_0|out ; cpld_clk    ; 0.000        ; 3.261      ; 2.138      ;
; -1.220 ; freq_div:freq_div_1|t_flipflop:t_flipflop_0|out ; freq_div:freq_div_1|t_flipflop:t_flipflop_0|out ; freq_div:freq_div_1|t_flipflop:t_flipflop_0|out ; cpld_clk    ; -0.500       ; 3.261      ; 2.138      ;
+--------+-------------------------------------------------+-------------------------------------------------+-------------------------------------------------+-------------+--------------+------------+------------+


+---------------------------------------------------------------------------------------------------------------------------------------------------------------------------------------------------------------------------------------------------------+
; Hold: 'freq_div:freq_div_1|t_flipflop:t_flipflop_3|out'                                                                                                                                                                                                 ;
+--------+-------------------------------------------------+-------------------------------------------------+-------------------------------------------------+-------------------------------------------------+--------------+------------+------------+
; Slack  ; From Node                                       ; To Node                                         ; Launch Clock                                    ; Latch Clock                                     ; Relationship ; Clock Skew ; Data Delay ;
+--------+-------------------------------------------------+-------------------------------------------------+-------------------------------------------------+-------------------------------------------------+--------------+------------+------------+
; -1.707 ; freq_div:freq_div_1|t_flipflop:t_flipflop_4|out ; freq_div:freq_div_1|t_flipflop:t_flipflop_4|out ; freq_div:freq_div_1|t_flipflop:t_flipflop_4|out ; freq_div:freq_div_1|t_flipflop:t_flipflop_3|out ; 0.000        ; 2.971      ; 1.861      ;
; -1.207 ; freq_div:freq_div_1|t_flipflop:t_flipflop_4|out ; freq_div:freq_div_1|t_flipflop:t_flipflop_4|out ; freq_div:freq_div_1|t_flipflop:t_flipflop_4|out ; freq_div:freq_div_1|t_flipflop:t_flipflop_3|out ; -0.500       ; 2.971      ; 1.861      ;
+--------+-------------------------------------------------+-------------------------------------------------+-------------------------------------------------+-------------------------------------------------+--------------+------------+------------+


+---------------------------------------------------------------------------------------------------------------------------------------------------------------------------------------------------------------------------------------------------------+
; Hold: 'freq_div:freq_div_1|t_flipflop:t_flipflop_1|out'                                                                                                                                                                                                 ;
+--------+-------------------------------------------------+-------------------------------------------------+-------------------------------------------------+-------------------------------------------------+--------------+------------+------------+
; Slack  ; From Node                                       ; To Node                                         ; Launch Clock                                    ; Latch Clock                                     ; Relationship ; Clock Skew ; Data Delay ;
+--------+-------------------------------------------------+-------------------------------------------------+-------------------------------------------------+-------------------------------------------------+--------------+------------+------------+
; -0.907 ; freq_div:freq_div_1|t_flipflop:t_flipflop_2|out ; freq_div:freq_div_1|t_flipflop:t_flipflop_2|out ; freq_div:freq_div_1|t_flipflop:t_flipflop_2|out ; freq_div:freq_div_1|t_flipflop:t_flipflop_1|out ; 0.000        ; 2.189      ; 1.879      ;
; -0.407 ; freq_div:freq_div_1|t_flipflop:t_flipflop_2|out ; freq_div:freq_div_1|t_flipflop:t_flipflop_2|out ; freq_div:freq_div_1|t_flipflop:t_flipflop_2|out ; freq_div:freq_div_1|t_flipflop:t_flipflop_1|out ; -0.500       ; 2.189      ; 1.879      ;
+--------+-------------------------------------------------+-------------------------------------------------+-------------------------------------------------+-------------------------------------------------+--------------+------------+------------+


+---------------------------------------------------------------------------------------------------------------------------------------------------------------------------------------------------------------------------------------------------------+
; Hold: 'freq_div:freq_div_1|t_flipflop:t_flipflop_2|out'                                                                                                                                                                                                 ;
+--------+-------------------------------------------------+-------------------------------------------------+-------------------------------------------------+-------------------------------------------------+--------------+------------+------------+
; Slack  ; From Node                                       ; To Node                                         ; Launch Clock                                    ; Latch Clock                                     ; Relationship ; Clock Skew ; Data Delay ;
+--------+-------------------------------------------------+-------------------------------------------------+-------------------------------------------------+-------------------------------------------------+--------------+------------+------------+
; -0.521 ; freq_div:freq_div_1|t_flipflop:t_flipflop_3|out ; freq_div:freq_div_1|t_flipflop:t_flipflop_3|out ; freq_div:freq_div_1|t_flipflop:t_flipflop_3|out ; freq_div:freq_div_1|t_flipflop:t_flipflop_2|out ; 0.000        ; 1.784      ; 1.860      ;
; -0.021 ; freq_div:freq_div_1|t_flipflop:t_flipflop_3|out ; freq_div:freq_div_1|t_flipflop:t_flipflop_3|out ; freq_div:freq_div_1|t_flipflop:t_flipflop_3|out ; freq_div:freq_div_1|t_flipflop:t_flipflop_2|out ; -0.500       ; 1.784      ; 1.860      ;
+--------+-------------------------------------------------+-------------------------------------------------+-------------------------------------------------+-------------------------------------------------+--------------+------------+------------+


+---------------------------------------------------------------------------------------------------------------------------------------------------------------------------------------------------------------------------------------------------------------------------------+
; Hold: 'counter3bit:counter3bit_1|t_flipflop:t_flipflop_0|out'                                                                                                                                                                                                                   ;
+--------+-------------------------------------------------------+-------------------------------------------------------+-------------------------------------------------------+-------------------------------------------------------+--------------+------------+------------+
; Slack  ; From Node                                             ; To Node                                               ; Launch Clock                                          ; Latch Clock                                           ; Relationship ; Clock Skew ; Data Delay ;
+--------+-------------------------------------------------------+-------------------------------------------------------+-------------------------------------------------------+-------------------------------------------------------+--------------+------------+------------+
; -0.520 ; counter3bit:counter3bit_1|t_flipflop:t_flipflop_1|out ; counter3bit:counter3bit_1|t_flipflop:t_flipflop_1|out ; counter3bit:counter3bit_1|t_flipflop:t_flipflop_1|out ; counter3bit:counter3bit_1|t_flipflop:t_flipflop_0|out ; 0.000        ; 1.784      ; 1.861      ;
; -0.020 ; counter3bit:counter3bit_1|t_flipflop:t_flipflop_1|out ; counter3bit:counter3bit_1|t_flipflop:t_flipflop_1|out ; counter3bit:counter3bit_1|t_flipflop:t_flipflop_1|out ; counter3bit:counter3bit_1|t_flipflop:t_flipflop_0|out ; -0.500       ; 1.784      ; 1.861      ;
+--------+-------------------------------------------------------+-------------------------------------------------------+-------------------------------------------------------+-------------------------------------------------------+--------------+------------+------------+


+---------------------------------------------------------------------------------------------------------------------------------------------------------------------------------------------------------------------------------------------------------+
; Hold: 'freq_div:freq_div_1|t_flipflop:t_flipflop_0|out'                                                                                                                                                                                                 ;
+--------+-------------------------------------------------+-------------------------------------------------+-------------------------------------------------+-------------------------------------------------+--------------+------------+------------+
; Slack  ; From Node                                       ; To Node                                         ; Launch Clock                                    ; Latch Clock                                     ; Relationship ; Clock Skew ; Data Delay ;
+--------+-------------------------------------------------+-------------------------------------------------+-------------------------------------------------+-------------------------------------------------+--------------+------------+------------+
; -0.520 ; freq_div:freq_div_1|t_flipflop:t_flipflop_1|out ; freq_div:freq_div_1|t_flipflop:t_flipflop_1|out ; freq_div:freq_div_1|t_flipflop:t_flipflop_1|out ; freq_div:freq_div_1|t_flipflop:t_flipflop_0|out ; 0.000        ; 1.784      ; 1.861      ;
; -0.020 ; freq_div:freq_div_1|t_flipflop:t_flipflop_1|out ; freq_div:freq_div_1|t_flipflop:t_flipflop_1|out ; freq_div:freq_div_1|t_flipflop:t_flipflop_1|out ; freq_div:freq_div_1|t_flipflop:t_flipflop_0|out ; -0.500       ; 1.784      ; 1.861      ;
+--------+-------------------------------------------------+-------------------------------------------------+-------------------------------------------------+-------------------------------------------------+--------------+------------+------------+


+--------------------------------------------------------------------------------------------------------------------------------------------------------------------------------------------------------------------------------------------------------------------------------+
; Hold: 'counter3bit:counter3bit_1|t_flipflop:t_flipflop_1|out'                                                                                                                                                                                                                  ;
+-------+-------------------------------------------------------+-------------------------------------------------------+-------------------------------------------------------+-------------------------------------------------------+--------------+------------+------------+
; Slack ; From Node                                             ; To Node                                               ; Launch Clock                                          ; Latch Clock                                           ; Relationship ; Clock Skew ; Data Delay ;
+-------+-------------------------------------------------------+-------------------------------------------------------+-------------------------------------------------------+-------------------------------------------------------+--------------+------------+------------+
; 1.660 ; counter3bit:counter3bit_1|t_flipflop:t_flipflop_2|out ; counter3bit:counter3bit_1|t_flipflop:t_flipflop_2|out ; counter3bit:counter3bit_1|t_flipflop:t_flipflop_1|out ; counter3bit:counter3bit_1|t_flipflop:t_flipflop_1|out ; 0.000        ; 0.000      ; 1.881      ;
+-------+-------------------------------------------------------+-------------------------------------------------------+-------------------------------------------------------+-------------------------------------------------------+--------------+------------+------------+


+-----------------------------------------------------------------------------------------------------------------------------------------------------------+
; Setup Transfers                                                                                                                                           ;
+-------------------------------------------------------+-------------------------------------------------------+----------+----------+----------+----------+
; From Clock                                            ; To Clock                                              ; RR Paths ; FR Paths ; RF Paths ; FF Paths ;
+-------------------------------------------------------+-------------------------------------------------------+----------+----------+----------+----------+
; counter3bit:counter3bit_1|t_flipflop:t_flipflop_1|out ; counter3bit:counter3bit_1|t_flipflop:t_flipflop_0|out ; 1        ; 1        ; 0        ; 0        ;
; counter3bit:counter3bit_1|t_flipflop:t_flipflop_1|out ; counter3bit:counter3bit_1|t_flipflop:t_flipflop_1|out ; 1        ; 0        ; 0        ; 0        ;
; freq_div:freq_div_1|t_flipflop:t_flipflop_0|out       ; cpld_clk                                              ; 1        ; 1        ; 0        ; 0        ;
; freq_div:freq_div_1|t_flipflop:t_flipflop_1|out       ; freq_div:freq_div_1|t_flipflop:t_flipflop_0|out       ; 1        ; 1        ; 0        ; 0        ;
; freq_div:freq_div_1|t_flipflop:t_flipflop_2|out       ; freq_div:freq_div_1|t_flipflop:t_flipflop_1|out       ; 1        ; 1        ; 0        ; 0        ;
; freq_div:freq_div_1|t_flipflop:t_flipflop_3|out       ; freq_div:freq_div_1|t_flipflop:t_flipflop_2|out       ; 1        ; 1        ; 0        ; 0        ;
; freq_div:freq_div_1|t_flipflop:t_flipflop_4|out       ; freq_div:freq_div_1|t_flipflop:t_flipflop_3|out       ; 1        ; 1        ; 0        ; 0        ;
; counter3bit:counter3bit_1|t_flipflop:t_flipflop_0|out ; freq_div:freq_div_1|t_flipflop:t_flipflop_4|out       ; 1        ; 1        ; 1        ; 1        ;
; counter3bit:counter3bit_1|t_flipflop:t_flipflop_1|out ; freq_div:freq_div_1|t_flipflop:t_flipflop_4|out       ; 0        ; 0        ; 2        ; 1        ;
; freq_div:freq_div_1|t_flipflop:t_flipflop_4|out       ; freq_div:freq_div_1|t_flipflop:t_flipflop_4|out       ; 0        ; 0        ; 0        ; 6        ;
+-------------------------------------------------------+-------------------------------------------------------+----------+----------+----------+----------+
Entries labeled "false path" only account for clock-to-clock false paths and not path-based false paths. As a result, actual path counts may be lower than reported.


+-----------------------------------------------------------------------------------------------------------------------------------------------------------+
; Hold Transfers                                                                                                                                            ;
+-------------------------------------------------------+-------------------------------------------------------+----------+----------+----------+----------+
; From Clock                                            ; To Clock                                              ; RR Paths ; FR Paths ; RF Paths ; FF Paths ;
+-------------------------------------------------------+-------------------------------------------------------+----------+----------+----------+----------+
; counter3bit:counter3bit_1|t_flipflop:t_flipflop_1|out ; counter3bit:counter3bit_1|t_flipflop:t_flipflop_0|out ; 1        ; 1        ; 0        ; 0        ;
; counter3bit:counter3bit_1|t_flipflop:t_flipflop_1|out ; counter3bit:counter3bit_1|t_flipflop:t_flipflop_1|out ; 1        ; 0        ; 0        ; 0        ;
; freq_div:freq_div_1|t_flipflop:t_flipflop_0|out       ; cpld_clk                                              ; 1        ; 1        ; 0        ; 0        ;
; freq_div:freq_div_1|t_flipflop:t_flipflop_1|out       ; freq_div:freq_div_1|t_flipflop:t_flipflop_0|out       ; 1        ; 1        ; 0        ; 0        ;
; freq_div:freq_div_1|t_flipflop:t_flipflop_2|out       ; freq_div:freq_div_1|t_flipflop:t_flipflop_1|out       ; 1        ; 1        ; 0        ; 0        ;
; freq_div:freq_div_1|t_flipflop:t_flipflop_3|out       ; freq_div:freq_div_1|t_flipflop:t_flipflop_2|out       ; 1        ; 1        ; 0        ; 0        ;
; freq_div:freq_div_1|t_flipflop:t_flipflop_4|out       ; freq_div:freq_div_1|t_flipflop:t_flipflop_3|out       ; 1        ; 1        ; 0        ; 0        ;
; counter3bit:counter3bit_1|t_flipflop:t_flipflop_0|out ; freq_div:freq_div_1|t_flipflop:t_flipflop_4|out       ; 1        ; 1        ; 1        ; 1        ;
; counter3bit:counter3bit_1|t_flipflop:t_flipflop_1|out ; freq_div:freq_div_1|t_flipflop:t_flipflop_4|out       ; 0        ; 0        ; 2        ; 1        ;
; freq_div:freq_div_1|t_flipflop:t_flipflop_4|out       ; freq_div:freq_div_1|t_flipflop:t_flipflop_4|out       ; 0        ; 0        ; 0        ; 6        ;
+-------------------------------------------------------+-------------------------------------------------------+----------+----------+----------+----------+
Entries labeled "false path" only account for clock-to-clock false paths and not path-based false paths. As a result, actual path counts may be lower than reported.


---------------
; Report TCCS ;
---------------
No dedicated SERDES Transmitter circuitry present in device or used in design


---------------
; Report RSKM ;
---------------
No non-DPA dedicated SERDES Receiver circuitry present in device or used in design


+------------------------------------------------+
; Unconstrained Paths Summary                    ;
+---------------------------------+-------+------+
; Property                        ; Setup ; Hold ;
+---------------------------------+-------+------+
; Illegal Clocks                  ; 0     ; 0    ;
; Unconstrained Clocks            ; 0     ; 0    ;
; Unconstrained Input Ports       ; 0     ; 0    ;
; Unconstrained Input Port Paths  ; 0     ; 0    ;
; Unconstrained Output Ports      ; 7     ; 7    ;
; Unconstrained Output Port Paths ; 9     ; 9    ;
+---------------------------------+-------+------+


+------------------------------------------------------------------------------------------------------------------------------------+
; Clock Status Summary                                                                                                               ;
+-------------------------------------------------------+-------------------------------------------------------+------+-------------+
; Target                                                ; Clock                                                 ; Type ; Status      ;
+-------------------------------------------------------+-------------------------------------------------------+------+-------------+
; counter3bit:counter3bit_1|t_flipflop:t_flipflop_0|out ; counter3bit:counter3bit_1|t_flipflop:t_flipflop_0|out ; Base ; Constrained ;
; counter3bit:counter3bit_1|t_flipflop:t_flipflop_1|out ; counter3bit:counter3bit_1|t_flipflop:t_flipflop_1|out ; Base ; Constrained ;
; cpld_clk                                              ; cpld_clk                                              ; Base ; Constrained ;
; freq_div:freq_div_1|t_flipflop:t_flipflop_0|out       ; freq_div:freq_div_1|t_flipflop:t_flipflop_0|out       ; Base ; Constrained ;
; freq_div:freq_div_1|t_flipflop:t_flipflop_1|out       ; freq_div:freq_div_1|t_flipflop:t_flipflop_1|out       ; Base ; Constrained ;
; freq_div:freq_div_1|t_flipflop:t_flipflop_2|out       ; freq_div:freq_div_1|t_flipflop:t_flipflop_2|out       ; Base ; Constrained ;
; freq_div:freq_div_1|t_flipflop:t_flipflop_3|out       ; freq_div:freq_div_1|t_flipflop:t_flipflop_3|out       ; Base ; Constrained ;
; freq_div:freq_div_1|t_flipflop:t_flipflop_4|out       ; freq_div:freq_div_1|t_flipflop:t_flipflop_4|out       ; Base ; Constrained ;
+-------------------------------------------------------+-------------------------------------------------------+------+-------------+


+-----------------------------------------------------------------------------------------------------------+
; Unconstrained Output Ports                                                                                ;
+-------------------+---------------------------------------------------------------------------------------+
; Output Port       ; Comment                                                                               ;
+-------------------+---------------------------------------------------------------------------------------+
; coluna_matriz[0]  ; No output delay, min/max delays, false-path exceptions, or max skew assignments found ;
; coluna_matriz[1]  ; No output delay, min/max delays, false-path exceptions, or max skew assignments found ;
; coluna_matriz[2]  ; No output delay, min/max delays, false-path exceptions, or max skew assignments found ;
; coluna_matriz[3]  ; No output delay, min/max delays, false-path exceptions, or max skew assignments found ;
; coluna_matriz[4]  ; No output delay, min/max delays, false-path exceptions, or max skew assignments found ;
; final_clk_teste   ; No output delay, min/max delays, false-path exceptions, or max skew assignments found ;
; mod5counter_teste ; No output delay, min/max delays, false-path exceptions, or max skew assignments found ;
+-------------------+---------------------------------------------------------------------------------------+


+-----------------------------------------------------------------------------------------------------------+
; Unconstrained Output Ports                                                                                ;
+-------------------+---------------------------------------------------------------------------------------+
; Output Port       ; Comment                                                                               ;
+-------------------+---------------------------------------------------------------------------------------+
; coluna_matriz[0]  ; No output delay, min/max delays, false-path exceptions, or max skew assignments found ;
; coluna_matriz[1]  ; No output delay, min/max delays, false-path exceptions, or max skew assignments found ;
; coluna_matriz[2]  ; No output delay, min/max delays, false-path exceptions, or max skew assignments found ;
; coluna_matriz[3]  ; No output delay, min/max delays, false-path exceptions, or max skew assignments found ;
; coluna_matriz[4]  ; No output delay, min/max delays, false-path exceptions, or max skew assignments found ;
; final_clk_teste   ; No output delay, min/max delays, false-path exceptions, or max skew assignments found ;
; mod5counter_teste ; No output delay, min/max delays, false-path exceptions, or max skew assignments found ;
+-------------------+---------------------------------------------------------------------------------------+


+--------------------------+
; Timing Analyzer Messages ;
+--------------------------+
Info: *******************************************************************
Info: Running Quartus Prime Timing Analyzer
    Info: Version 22.1std.2 Build 922 07/20/2023 SC Lite Edition
    Info: Processing started: Tue Nov 28 22:26:51 2023
Info: Command: quartus_sta batalha_naval -c batalha_naval
Info: qsta_default_script.tcl version: #1
Warning (18236): Number of processors has not been specified which may cause overloading on shared machines.  Set the global assignment NUM_PARALLEL_PROCESSORS in your QSF to an appropriate value for best performance.
Info (20030): Parallel compilation is enabled and will use 8 of the 8 processors detected
Info (21077): Low junction temperature is 0 degrees C
Info (21077): High junction temperature is 85 degrees C
Info (334003): Started post-fitting delay annotation
Info (334004): Delay annotation completed successfully
Critical Warning (332012): Synopsys Design Constraints File file not found: 'batalha_naval.sdc'. A Synopsys Design Constraints File is required by the Timing Analyzer to get proper timing constraints. Without it, the Compiler will not properly optimize the design.
Info (332142): No user constrained base clocks found in the design. Calling "derive_clocks -period 1.0"
Info (332105): Deriving Clocks
    Info (332105): create_clock -period 1.000 -name freq_div:freq_div_1|t_flipflop:t_flipflop_4|out freq_div:freq_div_1|t_flipflop:t_flipflop_4|out
    Info (332105): create_clock -period 1.000 -name freq_div:freq_div_1|t_flipflop:t_flipflop_3|out freq_div:freq_div_1|t_flipflop:t_flipflop_3|out
    Info (332105): create_clock -period 1.000 -name freq_div:freq_div_1|t_flipflop:t_flipflop_2|out freq_div:freq_div_1|t_flipflop:t_flipflop_2|out
    Info (332105): create_clock -period 1.000 -name counter3bit:counter3bit_1|t_flipflop:t_flipflop_0|out counter3bit:counter3bit_1|t_flipflop:t_flipflop_0|out
    Info (332105): create_clock -period 1.000 -name counter3bit:counter3bit_1|t_flipflop:t_flipflop_1|out counter3bit:counter3bit_1|t_flipflop:t_flipflop_1|out
    Info (332105): create_clock -period 1.000 -name freq_div:freq_div_1|t_flipflop:t_flipflop_1|out freq_div:freq_div_1|t_flipflop:t_flipflop_1|out
    Info (332105): create_clock -period 1.000 -name freq_div:freq_div_1|t_flipflop:t_flipflop_0|out freq_div:freq_div_1|t_flipflop:t_flipflop_0|out
    Info (332105): create_clock -period 1.000 -name cpld_clk cpld_clk
Info: Found TIMING_ANALYZER_REPORT_SCRIPT_INCLUDE_DEFAULT_ANALYSIS = ON
Info: Can't run Report Timing Closure Recommendations. The current device family is not supported.
Critical Warning (332148): Timing requirements not met
Info (332146): Worst-case setup slack is -1.214
    Info (332119):     Slack       End Point TNS Clock 
    Info (332119): ========= =================== =====================
    Info (332119):    -1.214              -1.214 counter3bit:counter3bit_1|t_flipflop:t_flipflop_1|out 
    Info (332119):    -1.195              -6.166 freq_div:freq_div_1|t_flipflop:t_flipflop_4|out 
    Info (332119):     0.466               0.000 counter3bit:counter3bit_1|t_flipflop:t_flipflop_0|out 
    Info (332119):     0.466               0.000 freq_div:freq_div_1|t_flipflop:t_flipflop_0|out 
    Info (332119):     0.467               0.000 freq_div:freq_div_1|t_flipflop:t_flipflop_2|out 
    Info (332119):     0.853               0.000 freq_div:freq_div_1|t_flipflop:t_flipflop_1|out 
    Info (332119):     1.653               0.000 freq_div:freq_div_1|t_flipflop:t_flipflop_3|out 
    Info (332119):     1.666               0.000 cpld_clk 
Info (332146): Worst-case hold slack is -2.125
    Info (332119):     Slack       End Point TNS Clock 
    Info (332119): ========= =================== =====================
    Info (332119):    -2.125              -3.690 freq_div:freq_div_1|t_flipflop:t_flipflop_4|out 
    Info (332119):    -1.720              -1.720 cpld_clk 
    Info (332119):    -1.707              -1.707 freq_div:freq_div_1|t_flipflop:t_flipflop_3|out 
    Info (332119):    -0.907              -0.907 freq_div:freq_div_1|t_flipflop:t_flipflop_1|out 
    Info (332119):    -0.521              -0.521 freq_div:freq_div_1|t_flipflop:t_flipflop_2|out 
    Info (332119):    -0.520              -0.520 counter3bit:counter3bit_1|t_flipflop:t_flipflop_0|out 
    Info (332119):    -0.520              -0.520 freq_div:freq_div_1|t_flipflop:t_flipflop_0|out 
    Info (332119):     1.660               0.000 counter3bit:counter3bit_1|t_flipflop:t_flipflop_1|out 
Info (332140): No Recovery paths to report
Info (332140): No Removal paths to report
Info (332146): Worst-case minimum pulse width slack is -2.289
    Info (332119):     Slack       End Point TNS Clock 
    Info (332119): ========= =================== =====================
    Info (332119):    -2.289              -2.289 cpld_clk 
    Info (332119):     0.234               0.000 counter3bit:counter3bit_1|t_flipflop:t_flipflop_0|out 
    Info (332119):     0.234               0.000 counter3bit:counter3bit_1|t_flipflop:t_flipflop_1|out 
    Info (332119):     0.234               0.000 freq_div:freq_div_1|t_flipflop:t_flipflop_0|out 
    Info (332119):     0.234               0.000 freq_div:freq_div_1|t_flipflop:t_flipflop_1|out 
    Info (332119):     0.234               0.000 freq_div:freq_div_1|t_flipflop:t_flipflop_2|out 
    Info (332119):     0.234               0.000 freq_div:freq_div_1|t_flipflop:t_flipflop_3|out 
    Info (332119):     0.234               0.000 freq_div:freq_div_1|t_flipflop:t_flipflop_4|out 
Info (332001): The selected device family is not supported by the report_metastability command.
Info (332102): Design is not fully constrained for setup requirements
Info (332102): Design is not fully constrained for hold requirements
Info: Quartus Prime Timing Analyzer was successful. 0 errors, 3 warnings
    Info: Peak virtual memory: 4676 megabytes
    Info: Processing ended: Tue Nov 28 22:26:53 2023
    Info: Elapsed time: 00:00:02
    Info: Total CPU time (on all processors): 00:00:02


